Overnight Runner Report — 2026-03-04 02:00
Repo: /Users/lifeos.nico/Nico
Next item: OVR-0001 P2 — Phase 0E metadata standards enforcement
Action: v1 no-op (report only)
Overnight Runner Report — 2026-03-04 02:00
Repo: /Users/lifeos.nico/Nico
Next item: OVR-0001 P2 — Phase 0E metadata standards enforcement
Action: v1 no-op (report only)
Overnight Runner Report — 2026-03-04 13:01
Repo: /Users/lifeos.nico/Nico
Queue next: OVR-0001 P2 — Phase 0E metadata standards enforcement
YouTube intake: 0 created, 4 existing, 0 invalid (incoming=4)
Overnight Runner Report — 2026-03-04 17:30
Repo: /Users/lifeos.nico/Nico
Queue next: OVR-0001 P2 — Phase 0E metadata standards enforcement
YouTube intake: 0 created, 4 existing, 0 invalid (incoming=4)
Overnight Runner Report — 2026-03-05 02:07
Repo: /Users/lifeos.nico/Nico
Queue next: OVR-0001 P2 — Phase 0E metadata standards enforcement
YouTube intake: 0 created, 4 existing, 0 invalid (incoming=4)
Overnight Runner Report — 2026-03-06 02:06
Repo: /Users/lifeos.nico/Nico
Queue next: OVR-0001 P2 — Phase 0E metadata standards enforcement
YouTube intake: 0 created, 4 existing, 0 invalid (incoming=4)
Overnight Runner Report — 2026-03-07 02:00
Repo: /Users/lifeos.nico/Nico
Queue next: OVR-0001 P2 — Phase 0E metadata standards enforcement
YouTube intake: 0 created, 4 existing, 0 invalid (incoming=4)
Overnight Runner Report — 2026-03-08 03:00
Repo: /Users/lifeos.nico/Nico
Queue next: OVR-0001 P2 — Phase 0E metadata standards enforcement
YouTube intake: 0 created, 4 existing, 0 invalid (incoming=4)
Overnight Runner Report — 2026-03-09 02:00
Repo: /Users/lifeos.nico/Nico
Queue next: OVR-0001 P2 — Phase 0E metadata standards enforcement
YouTube intake: 0 created, 4 existing, 0 invalid (incoming=4)
Overnight Runner Report — 2026-03-10 02:00
Repo: /Users/lifeos.nico/Nico
Queue next: OVR-0001 P2 — Phase 0E metadata standards enforcement
YouTube intake: 0 created, 4 existing, 0 invalid (incoming=4)
Overnight Runner Report — 2026-03-11 02:00
Repo: /Users/lifeos.nico/Nico
Queue next: OVR-0001 P2 — Phase 0E metadata standards enforcement
YouTube intake: 0 created, 4 existing, 0 invalid (incoming=4)
Overnight Runner Report — 2026-03-12 02:06
Repo: /Users/lifeos.nico/Nico
Queue next: OVR-0001 P2 — Phase 0E metadata standards enforcement
YouTube intake: 0 created, 4 existing, 0 invalid (incoming=4)
Overnight Runner Report — 2026-03-13 02:15
Repo: /Users/lifeos.nico/Nico
Queue next: OVR-0001 P2 — Phase 0E metadata standards enforcement
YouTube intake: 0 created, 4 existing, 0 invalid (incoming=4)
Overnight Runner Report — 2026-03-14 02:14
Repo: /Users/lifeos.nico/Nico
Queue next: OVR-0001 P2 — Phase 0E metadata standards enforcement
YouTube intake: 0 created, 4 existing, 0 invalid (incoming=4)
Overnight Runner Report — 2026-03-15 02:02
Repo: /Users/lifeos.nico/Nico
Queue next: OVR-0001 P2 — Phase 0E metadata standards enforcement
YouTube intake: 0 created, 4 existing, 0 invalid (incoming=4)
Overnight Runner Report — 2026-03-16 02:09
Repo: /Users/lifeos.nico/Nico
Queue next: OVR-0001 P2 — Phase 0E metadata standards enforcement
YouTube intake: 0 created, 4 existing, 0 invalid (incoming=4)
Overnight Runner Report — 2026-03-17 02:00
Repo: /Users/lifeos.nico/Nico
Queue next: OVR-0001 P2 — Phase 0E metadata standards enforcement
YouTube intake: 0 created, 4 existing, 0 invalid (incoming=4)
Overnight Runner Report — 2026-03-18 02:06
Repo: /Users/lifeos.nico/Nico
Queue next: OVR-0001 P2 — Phase 0E metadata standards enforcement
YouTube intake: 0 created, 4 existing, 0 invalid (incoming=4)
Overnight Runner Report — 2026-03-19 02:01
Repo: /Users/lifeos.nico/Nico
Queue next: OVR-0001 P2 — Phase 0E metadata standards enforcement
YouTube intake: 0 created, 4 existing, 0 invalid (incoming=4)
Overnight Runner Report — 2026-03-20 02:00
Repo: /Users/lifeos.nico/Nico
Queue next: OVR-0001 P2 — Phase 0E metadata standards enforcement
YouTube intake: 0 created, 4 existing, 0 invalid (incoming=4)
Overnight Runner Report — 2026-03-21 02:00
Repo: /Users/lifeos.nico/Nico
Queue next: OVR-0001 P2 — Phase 0E metadata standards enforcement
YouTube intake: 0 created, 4 existing, 0 invalid (incoming=4)
Overnight Runner Report — 2026-03-22 02:00
Repo: /Users/lifeos.nico/Nico
Queue next: OVR-0001 P2 — Phase 0E metadata standards enforcement
YouTube intake: 0 created, 4 existing, 0 invalid (incoming=4)
Overnight Runner Report — 2026-03-23 02:00
Repo: /Users/lifeos.nico/Nico
Queue next: OVR-0001 P2 — Phase 0E metadata standards enforcement
YouTube intake: 0 created, 4 existing, 0 invalid (incoming=4)
Overnight Runner Report — 2026-03-24 02:00
Repo: /Users/lifeos.nico/Nico
Queue next: OVR-0001 P2 — Phase 0E metadata standards enforcement
YouTube intake: 0 created, 4 existing, 0 invalid (incoming=4)
Overnight Runner Report — 2026-03-25 02:05
Repo: /Users/lifeos.nico/Nico
Queue next: OVR-0001 P2 — Phase 0E metadata standards enforcement
YouTube intake: 0 created, 4 existing, 0 invalid (incoming=4)
Overnight Runner Report — 2026-03-26 02:08
Repo: /Users/lifeos.nico/Nico
Queue next: OVR-0001 P2 — Phase 0E metadata standards enforcement
YouTube intake: 0 created, 4 existing, 0 invalid (incoming=4)
Overnight Runner Report — 2026-03-27 02:07
Repo: /Users/lifeos.nico/Nico
Queue next: OVR-0001 P2 — Phase 0E metadata standards enforcement
YouTube intake: 0 created, 4 existing, 0 invalid (incoming=4)
Overnight Runner Report — 2026-03-28 02:57
Repo: /Users/lifeos.nico/Nico
Queue next: OVR-0001 P2 — Phase 0E metadata standards enforcement
YouTube intake: 0 created, 4 existing, 0 invalid (incoming=4)
Overnight Runner Report — 2026-03-29 02:11
Repo: /Users/lifeos.nico/Nico
Queue next: OVR-0001 P2 — Phase 0E metadata standards enforcement
YouTube intake: 0 created, 4 existing, 0 invalid (incoming=4)
Overnight Runner Report — 2026-03-30 02:04
Repo: /Users/lifeos.nico/Nico
Queue next: OVR-0001 P2 — Phase 0E metadata standards enforcement
YouTube intake: 0 created, 4 existing, 0 invalid (incoming=4)
Overnight Runner Report — 2026-03-31 02:43
Repo: /Users/lifeos.nico/Nico
Queue next: OVR-0001 P2 — Phase 0E metadata standards enforcement
YouTube intake: 0 created, 4 existing, 0 invalid (incoming=4)
Overnight Runner Report — 2026-04-01 02:05
Repo: /Users/lifeos.nico/Nico
Queue next: OVR-0001 P2 — Phase 0E metadata standards enforcement
YouTube intake: 0 created, 4 existing, 0 invalid (incoming=4)
Overnight Runner Report — 2026-04-02 02:00
Repo: /Users/lifeos.nico/Nico
Queue next: OVR-0001 P2 — Phase 0E metadata standards enforcement
YouTube intake: 0 created, 4 existing, 0 invalid (incoming=4)
Overnight Runner Report — 2026-04-03 02:10
Repo: /Users/lifeos.nico/Nico
Queue next: OVR-0001 P2 — Phase 0E metadata standards enforcement
YouTube intake: 0 created, 4 existing, 0 invalid (incoming=4)
Overnight Runner Report — 2026-04-04 02:00
Repo: /Users/lifeos.nico/Nico
Queue next: OVR-0001 P2 — Phase 0E metadata standards enforcement
YouTube intake: 0 created, 4 existing, 0 invalid (incoming=4)
Overnight Runner Report — 2026-04-05 02:00
Repo: /Users/lifeos.nico/Nico
Queue next: OVR-0001 P2 — Phase 0E metadata standards enforcement
YouTube intake: 0 created, 4 existing, 0 invalid (incoming=4)
Overnight Runner Report — 2026-04-06 02:00
Repo: /Users/lifeos.nico/Nico
Queue next: OVR-0001 P2 — Phase 0E metadata standards enforcement
YouTube intake: 0 created, 4 existing, 0 invalid (incoming=4)
